Nothing to build in platform 'system_wrapper'

20:16:20 **** Incremental Build of configuration Debug for project sd_bmp_hdmi ****
make all 
make --no-print-directory pre-build
a9-linaro-pre-build-step
' '
make --no-print-directory main-build
'Building file: ../src/main.c'
'Invoking: ARM v7 gcc compiler'
arm-none-eabi-gcc -Wall -O0 -g3 -c -fmessage-length=0 -MT"src/main.o" -mcpu=cortex-a9 -mfpu=vfpv3 -mfloat-abi=hard -ID:/github_project/zyqn/zyqn/bmp_hdmi_test4/vitis/system_wrapper/export/system_wrapper/sw/system_wrapper/standalone_ps7_cortexa9_0/bspinclude/include -MMD -MP -MF"src/main.d" -MT"src/main.o" -o "src/main.o" "../src/main.c"
'Finished building: ../src/main.c'
' '
'Building target: sd_bmp_hdmi.elf'
'Invoking: ARM v7 gcc linker'
arm-none-eabi-gcc -mcpu=cortex-a9 -mfpu=vfpv3 -mfloat-abi=hard -Wl,-build-id=none -specs=Xilinx.spec -Wl,-T -Wl,../src/lscript.ld -LD:/github_project/zyqn/zyqn/bmp_hdmi_test4/vitis/system_wrapper/export/system_wrapper/sw/system_wrapper/standalone_ps7_cortexa9_0/bsplib/lib -o "sd_bmp_hdmi.elf"  ./src/vdma_api/vdma_api.o  ./src/display_ctrl_hdmi/display_ctrl_hdmi.o  ./src/axi_dma_loop/dma_loop.o  ./src/main.o   -Wl,--start-group,-lxil,-lgcc,-lc,--end-group -Wl,--start-group,-lxilffs,-lxil,-lgcc,-lc,--end-group
'Finished building target: sd_bmp_hdmi.elf'
' '
'Invoking: ARM v7 Print Size'
arm-none-eabi-size sd_bmp_hdmi.elf  |tee "sd_bmp_hdmi.elf.size"
   text	   data	    bss	    dec	    hex	filename
  93580	   3200	  30752	 127532	  1f22c	sd_bmp_hdmi.elf
'Finished building: sd_bmp_hdmi.elf.size'
' '
