22:24:48 **** Incremental Build of configuration Debug for project ov640_hmi_2 ****
make all 
make --no-print-directory pre-build
a9-linaro-pre-build-step
' '
make --no-print-directory main-build
'Building file: ../src/vdma_api/vdma_api.c'
'Invoking: ARM v7 gcc compiler'
arm-none-eabi-gcc -Wall -O0 -g3 -c -fmessage-length=0 -MT"src/vdma_api/vdma_api.o" -mcpu=cortex-a9 -mfpu=vfpv3 -mfloat-abi=hard -ID:/github_project/zyqn/zyqn/ov5640_hdmi_2/vitis/design_1_wrapper/export/design_1_wrapper/sw/design_1_wrapper/standalone_ps7_cortexa9_0/bspinclude/include -MMD -MP -MF"src/vdma_api/vdma_api.d" -MT"src/vdma_api/vdma_api.o" -o "src/vdma_api/vdma_api.o" "../src/vdma_api/vdma_api.c"
'Finished building: ../src/vdma_api/vdma_api.c'
' '
'Building file: ../src/ov5640/ov5640_init.c'
'Invoking: ARM v7 gcc compiler'
arm-none-eabi-gcc -Wall -O0 -g3 -c -fmessage-length=0 -MT"src/ov5640/ov5640_init.o" -mcpu=cortex-a9 -mfpu=vfpv3 -mfloat-abi=hard -ID:/github_project/zyqn/zyqn/ov5640_hdmi_2/vitis/design_1_wrapper/export/design_1_wrapper/sw/design_1_wrapper/standalone_ps7_cortexa9_0/bspinclude/include -MMD -MP -MF"src/ov5640/ov5640_init.d" -MT"src/ov5640/ov5640_init.o" -o "src/ov5640/ov5640_init.o" "../src/ov5640/ov5640_init.c"
'Finished building: ../src/ov5640/ov5640_init.c'
' '
'Building file: ../src/emio_sccb_cfg/emio_sccb_cfg.c'
'Invoking: ARM v7 gcc compiler'
arm-none-eabi-gcc -Wall -O0 -g3 -c -fmessage-length=0 -MT"src/emio_sccb_cfg/emio_sccb_cfg.o" -mcpu=cortex-a9 -mfpu=vfpv3 -mfloat-abi=hard -ID:/github_project/zyqn/zyqn/ov5640_hdmi_2/vitis/design_1_wrapper/export/design_1_wrapper/sw/design_1_wrapper/standalone_ps7_cortexa9_0/bspinclude/include -MMD -MP -MF"src/emio_sccb_cfg/emio_sccb_cfg.d" -MT"src/emio_sccb_cfg/emio_sccb_cfg.o" -o "src/emio_sccb_cfg/emio_sccb_cfg.o" "../src/emio_sccb_cfg/emio_sccb_cfg.c"
'Finished building: ../src/emio_sccb_cfg/emio_sccb_cfg.c'
' '
'Building file: ../src/dynclk/dynclk.c'
'Invoking: ARM v7 gcc compiler'
arm-none-eabi-gcc -Wall -O0 -g3 -c -fmessage-length=0 -MT"src/dynclk/dynclk.o" -mcpu=cortex-a9 -mfpu=vfpv3 -mfloat-abi=hard -ID:/github_project/zyqn/zyqn/ov5640_hdmi_2/vitis/design_1_wrapper/export/design_1_wrapper/sw/design_1_wrapper/standalone_ps7_cortexa9_0/bspinclude/include -MMD -MP -MF"src/dynclk/dynclk.d" -MT"src/dynclk/dynclk.o" -o "src/dynclk/dynclk.o" "../src/dynclk/dynclk.c"
'Finished building: ../src/dynclk/dynclk.c'
' '
'Building file: ../src/display_ctrl_hdmi/display_ctrl.c'
'Invoking: ARM v7 gcc compiler'
arm-none-eabi-gcc -Wall -O0 -g3 -c -fmessage-length=0 -MT"src/display_ctrl_hdmi/display_ctrl.o" -mcpu=cortex-a9 -mfpu=vfpv3 -mfloat-abi=hard -ID:/github_project/zyqn/zyqn/ov5640_hdmi_2/vitis/design_1_wrapper/export/design_1_wrapper/sw/design_1_wrapper/standalone_ps7_cortexa9_0/bspinclude/include -MMD -MP -MF"src/display_ctrl_hdmi/display_ctrl.d" -MT"src/display_ctrl_hdmi/display_ctrl.o" -o "src/display_ctrl_hdmi/display_ctrl.o" "../src/display_ctrl_hdmi/display_ctrl.c"
'Finished building: ../src/display_ctrl_hdmi/display_ctrl.c'
' '
'Building file: ../src/helloworld.c'
'Invoking: ARM v7 gcc compiler'
arm-none-eabi-gcc -Wall -O0 -g3 -c -fmessage-length=0 -MT"src/helloworld.o" -mcpu=cortex-a9 -mfpu=vfpv3 -mfloat-abi=hard -ID:/github_project/zyqn/zyqn/ov5640_hdmi_2/vitis/design_1_wrapper/export/design_1_wrapper/sw/design_1_wrapper/standalone_ps7_cortexa9_0/bspinclude/include -MMD -MP -MF"src/helloworld.d" -MT"src/helloworld.o" -o "src/helloworld.o" "../src/helloworld.c"
'Finished building: ../src/helloworld.c'
' '
'Building file: ../src/platform.c'
'Invoking: ARM v7 gcc compiler'
arm-none-eabi-gcc -Wall -O0 -g3 -c -fmessage-length=0 -MT"src/platform.o" -mcpu=cortex-a9 -mfpu=vfpv3 -mfloat-abi=hard -ID:/github_project/zyqn/zyqn/ov5640_hdmi_2/vitis/design_1_wrapper/export/design_1_wrapper/sw/design_1_wrapper/standalone_ps7_cortexa9_0/bspinclude/include -MMD -MP -MF"src/platform.d" -MT"src/platform.o" -o "src/platform.o" "../src/platform.c"
'Finished building: ../src/platform.c'
' '
'Building target: ov640_hmi_2.elf'
'Invoking: ARM v7 gcc linker'
arm-none-eabi-gcc -mcpu=cortex-a9 -mfpu=vfpv3 -mfloat-abi=hard -Wl,-build-id=none -specs=Xilinx.spec -Wl,-T -Wl,../src/lscript.ld -LD:/github_project/zyqn/zyqn/ov5640_hdmi_2/vitis/design_1_wrapper/export/design_1_wrapper/sw/design_1_wrapper/standalone_ps7_cortexa9_0/bsplib/lib -o "ov640_hmi_2.elf"  ./src/vdma_api/vdma_api.o  ./src/ov5640/ov5640_init.o  ./src/emio_sccb_cfg/emio_sccb_cfg.o  ./src/dynclk/dynclk.o  ./src/display_ctrl_hdmi/display_ctrl.o  ./src/helloworld.o ./src/platform.o   -Wl,--start-group,-lxil,-lgcc,-lc,--end-group
'Finished building target: ov640_hmi_2.elf'
' '
'Invoking: ARM v7 Print Size'
arm-none-eabi-size ov640_hmi_2.elf  |tee "ov640_hmi_2.elf.size"
   text	   data	    bss	    dec	    hex	filename
  64940	   1288	  25744	  91972	  16744	ov640_hmi_2.elf
'Finished building: ov640_hmi_2.elf.size'
' '

22:24:55 Build Finished (took 6s.356ms)

