#-----------------------------------------------------------
# Vivado v2020.2 (64-bit)
# SW Build 3064766 on Wed Nov 18 09:12:45 MST 2020
# IP Build 3064653 on Wed Nov 18 14:17:31 MST 2020
# Start of session at: Sat Jan 18 16:15:02 2025
# Process ID: 24332
# Current directory: D:/github_project/zyqn/zyqn/bmp_hdmi_test3
# Command line: vivado.exe -gui_launcher_event rodinguilauncherevent23840 D:\github_project\zyqn\zyqn\bmp_hdmi_test3\bmp_hdmi_test3.xpr
# Log file: D:/github_project/zyqn/zyqn/bmp_hdmi_test3/vivado.log
# Journal file: D:/github_project/zyqn/zyqn/bmp_hdmi_test3\vivado.jou
#-----------------------------------------------------------
start_gui
open_project D:/github_project/zyqn/zyqn/bmp_hdmi_test3/bmp_hdmi_test3.xpr
update_compile_order -fileset sources_1
update_module_reference system_Bic_top_0_0
reset_run synth_1
launch_runs impl_1 -to_step write_bitstream -jobs 10
wait_on_run impl_1
open_run impl_1
write_hw_platform -fixed -include_bit -force -file D:/github_project/zyqn/zyqn/bmp_hdmi_test3/vitis/system_wrapper.xsa
